<!-- DO NOT EDIT this page. --><!-- It will be automatically reverted. --><!-- Make your changes in D&D Beyond or talk to Jille. -->
{{Avatar|https://www.dndbeyond.com/avatars/44186/169/1581111423-131420127.jpeg?width{{=}}150&height{{=}}150&fit{{=}}crop&quality{{=}}95&auto{{=}}webp&_mediawiki_hack{{=}}.jpg}}

{{Character
  |id=131420127
  |Name=Valentine
  |Player=Darein
  |Avatar=https://www.dndbeyond.com/avatars/44186/169/1581111423-131420127.jpeg?width{{=}}150&height{{=}}150&fit{{=}}crop&quality{{=}}95&auto{{=}}webp&_mediawiki_hack{{=}}.jpg
  |Race=Elf
  |Class=Warlock, Fighter
}}
{| class=wikitable
|-
! colspan=2| ''Character''
|-
! scope="row"| Name
| Valentine
|-
! scope="row"| Player
| Darein
|-
! scope="row"| Character sheet
| ''not available''
|-
! scope="row"| Race
| Elf
|-
! scope="row"| Class
| Warlock (2 levels), Fighter (1 level)
|}

[[Category:Races/Elf]]
[[Category:Classes/Warlock]]
[[Category:Classes/Fighter]]
