<!-- DO NOT EDIT this page. --><!-- It will be automatically reverted. --><!-- Make your changes in D&D Beyond or talk to Jille. -->
{{Character
  |id=131438467
  |Name=Jetix
  |Player=Jille
  |CharacterSheet=https://dndbeyond.com/characters/131438467
  |Race=Gnome
  |Class=Druid, Ranger, Warlock
  |Alignment=Chaotic Neutral
  |Eyes=Yes
}}
{| class=wikitable
|-
! colspan=2| ''Character''
|-
! scope="row"| Name
| Jetix
|-
! scope="row"| Player
| Jille
|-
! scope="row"| Character sheet
| https://dndbeyond.com/characters/131438467
|-
! scope="row"| Race
| Gnome
|-
! scope="row"| Class
| Druid (1 level), Ranger (1 level), Warlock (1 level)
|-
! scope="row"| Alignment
| Chaotic Neutral
|-
! scope="row"| Eyes
| Yes
|}
== Backstory ==
<nowiki>TBD</nowiki>


[[Category:Races/Gnome]]
[[Category:Classes/Druid]]
[[Category:Classes/Ranger]]
[[Category:Classes/Warlock]]
